
> easy-mv-maker@1.0.0 web
> vite --port 5175


  [32m[1mVITE[22m v6.4.1[39m  [2mready in [0m[1m1210[22m[2m[0m ms[22m

  [32m➜[39m  [1mLocal[22m:   [36mhttp://localhost:[1m5175[22m/[39m
  [32m➜[39m  [1mNetwork[22m: [36mhttp://192.168.0.58:[1m5175[22m/[39m

  Visit page on mobile:
  [36mhttp://192.168.0.58:5175/[0m
  █▀▀▀▀▀▀▀████▀▀▀██▀█▀▀▀▀▀▀▀█
  █ █▀▀▀█ ██▄▄█▀█ █▀█ █▀▀▀█ █
  █ █   █ █ ▀██▄  ▄▄█ █   █ █
  █ ▀▀▀▀▀ █▀█▀▄ █▀█▀█ ▀▀▀▀▀ █
  █▀▀███▀▀▀█▀▄ █▀█▀▀███▀▀████
  █ ▄▀▀▀ ▀▀█▄▀█▄ █ ▄▄▀▀▄ ▄ ▀█
  █  ▄▄▀█▀▄▄ █▀ █▀▄ ▀▀█▄▄██ █
  █ ▄█▄█▀▀▀ █▀▀▀█  █▀█▀█▀█ ▀█
  █ █  ██▀██ ▄ ▀▀██ ▀▀▀ █ █▄█
  █▀▀▀▀▀▀▀█  ▀▀▄▀ ▄ █▀█ ▀▄█▀█
  █ █▀▀▀█ █▄▄▀ ▀▀▄▀ ▀▀▀ ▀▀▄▄█
  █ █   █ ███▀▄▄▀▀██▀▄▄█▄▀▄ █
  █ ▀▀▀▀▀ █ ██▀██   █ ▄▄▀██ █
  ▀▀▀▀▀▀▀▀▀▀▀▀▀▀▀▀▀▀▀▀▀▀▀▀▀▀▀
[2m오후 11:18:06[22m [31m[1m[vite][22m[39m [31mhttp proxy error: /api/projects[39m
AggregateError [ECONNREFUSED]: 
    at internalConnectMultiple (node:net:1134:18)
    at afterConnectMultiple (node:net:1715:7)
[2m오후 11:18:06[22m [31m[1m[vite][22m[39m [31mhttp proxy error: /api/projects[39m
AggregateError [ECONNREFUSED]: 
    at internalConnectMultiple (node:net:1134:18)
    at afterConnectMultiple (node:net:1715:7)
[2m오후 11:18:16[22m [31m[1m[vite][22m[39m [31mhttp proxy error: /api/projects[39m
AggregateError [ECONNREFUSED]: 
    at internalConnectMultiple (node:net:1134:18)
    at afterConnectMultiple (node:net:1715:7)
[2m오후 11:18:26[22m [31m[1m[vite][22m[39m [31mhttp proxy error: /api/projects[39m
AggregateError [ECONNREFUSED]: 
    at internalConnectMultiple (node:net:1134:18)
    at afterConnectMultiple (node:net:1715:7)
[2m오후 11:18:36[22m [31m[1m[vite][22m[39m [31mhttp proxy error: /api/projects[39m
AggregateError [ECONNREFUSED]: 
    at internalConnectMultiple (node:net:1134:18)
    at afterConnectMultiple (node:net:1715:7)
[2m오후 11:18:56[22m [31m[1m[vite][22m[39m [31mhttp proxy error: /api/projects[39m
AggregateError [ECONNREFUSED]: 
    at internalConnectMultiple (node:net:1134:18)
    at afterConnectMultiple (node:net:1715:7)
